// Jest Snapshot v1, https://goo.gl/fbAQLP

exports[`should renders App correctly should match snapshot 1`] = `ShallowWrapper {}`;
