// Jest Snapshot v1, https://goo.gl/fbAQLP

exports[`test event modal should match snapshot 1`] = `ShallowWrapper {}`;
