// Jest Snapshot v1, https://goo.gl/fbAQLP

exports[`test sticky table modal should match snapshot 1`] = `ShallowWrapper {}`;
